// Jest Snapshot v1, https://goo.gl/fbAQLP

exports[`components/cards/CardActions can be verticaly aligned 1`] = `
<section
  className="mdc-card__actions mdc-card__actions--vertical"
/>
`;

exports[`components/cards/CardActions can render correctly 1`] = `
<section
  className="mdc-card__actions"
>
  <button
    className="mdc-button mdc-button--compact mdc-card__action"
    disabled={false}
    id={null}
    onClick={null}
    type="button"
  >
    
    Click me!
  </button>
</section>
`;
