// Jest Snapshot v1, https://goo.gl/fbAQLP

exports[`components/IconToggle can have a label 1`] = `
<i
  aria-pressed={false}
  arria-label={null}
  className="mdc-icon-toggle material-icons"
  onClick={[Function]}
  onKeyUp={[Function]}
  role="button"
  style={Object {}}
  tabIndex="0"
>
  bar
</i>
`;
