// Jest Snapshot v1, https://goo.gl/fbAQLP

exports[`components/LinearProgress can have a buffer 1`] = `
<div
  className="mdc-linear-progress"
  role="progressbar"
>
  <div
    className="mdc-linear-progress__buffering-dots"
  />
  <div
    className="mdc-linear-progress__buffer"
    style={
      Object {
        "transform": "scaleX(1)",
      }
    }
  />
  <div
    className="mdc-linear-progress__bar mdc-linear-progress__primary-bar"
    style={
      Object {
        "transform": "scaleX(0)",
      }
    }
  >
    <span
      className="mdc-linear-progress__bar-inner"
    />
  </div>
  <div
    className="mdc-linear-progress__bar mdc-linear-progress__secondary-bar"
  >
    <span
      className="mdc-linear-progress__bar-inner"
    />
  </div>
</div>
`;

exports[`components/LinearProgress can render a presetted progress 1`] = `
<div
  className="mdc-linear-progress"
  role="progressbar"
>
  <div
    className="mdc-linear-progress__buffering-dots"
  />
  <div
    className="mdc-linear-progress__buffer"
    style={
      Object {
        "transform": "scaleX(0)",
      }
    }
  />
  <div
    className="mdc-linear-progress__bar mdc-linear-progress__primary-bar"
    style={
      Object {
        "transform": "scaleX(1)",
      }
    }
  >
    <span
      className="mdc-linear-progress__bar-inner"
    />
  </div>
  <div
    className="mdc-linear-progress__bar mdc-linear-progress__secondary-bar"
  >
    <span
      className="mdc-linear-progress__bar-inner"
    />
  </div>
</div>
`;
