// Jest Snapshot v1, https://goo.gl/fbAQLP

exports[`components/Snackbar can be active 1`] = `
<div
  aria-atomic="true"
  aria-hidden="true"
  aria-live="assertive"
  className="mdc-snackbar"
  onTransitionEnd={[Function]}
>
  <div
    className="mdc-snackbar__text"
  >
    foo
  </div>
  
</div>
`;

exports[`components/Snackbar can have a timeout 1`] = `
<div
  aria-atomic="true"
  aria-hidden="true"
  aria-live="assertive"
  className="mdc-snackbar"
  onTransitionEnd={[Function]}
>
  <div
    className="mdc-snackbar__text"
  >
    foo
  </div>
  
</div>
`;

exports[`components/Snackbar can have an action text 1`] = `
<div
  aria-atomic="true"
  aria-hidden="true"
  aria-live="assertive"
  className="mdc-snackbar"
  onTransitionEnd={[Function]}
>
  <div
    className="mdc-snackbar__text"
  >
    foo
  </div>
  
</div>
`;
