// Jest Snapshot v1, https://goo.gl/fbAQLP

exports[`components/Switch renders correctly 1`] = `
<div
  className="zrmc-switch-wrapper"
>
  <div
    className="mdc-switch"
    onClick={[Function]}
  >
    <div
      className="mdc-switch__track"
    />
    <div
      className="mdc-switch__thumb-underlay"
    >
      <div
        className="mdc-switch__thumb"
      >
        <input
          className="mdc-switch__native-control"
          defaultChecked={false}
          disabled={false}
          id="unique-component-id"
          role="switch"
          type="checkbox"
        />
      </div>
    </div>
  </div>
  <label
    className="mdc-switch-label"
    htmlFor="unique-component-id"
  >
    label switch
  </label>
</div>
`;
