// Jest Snapshot v1, https://goo.gl/fbAQLP

exports[`components/TextField can have a persistent helper text 1`] = `
<div
  className="mdc-text-field mdc-text-field--upgraded"
>
  <input
    className="mdc-text-field__input"
    defaultValue={undefined}
    id="unique-component-id"
    onBlur={[Function]}
    onChange={[Function]}
    onFocus={[Function]}
    type="text"
  />
  <label
    className="mdc-floating-label"
    focused="false"
    htmlFor="unique-component-id"
    style={Object {}}
  />
  <div
    className="mdc-text-field__bottom-line"
  />
</div>
`;

exports[`components/TextField can have an helper text with a validation message 1`] = `
<div
  className="mdc-text-field mdc-text-field--upgraded"
>
  <input
    className="mdc-text-field__input"
    defaultValue={undefined}
    id="unique-component-id"
    onBlur={[Function]}
    onChange={[Function]}
    onFocus={[Function]}
    type="text"
  />
  <label
    className="mdc-floating-label"
    focused="false"
    htmlFor="unique-component-id"
    style={Object {}}
  />
  <div
    className="mdc-text-field__bottom-line"
  />
</div>
`;
