// Jest Snapshot v1, https://goo.gl/fbAQLP

exports[`demos/components/buttons renders itself correctly 1`] = `
<section>
  <h1>
    Button examples
  </h1>
  <div>
    <div
      style={
        Object {
          "padding": "16px",
        }
      }
    >
      <button
        className="mdc-button"
        disabled={false}
        id={null}
        onClick={null}
        type="button"
      >
        
        Hello
      </button>
    </div>
    <div
      style={
        Object {
          "padding": "16px",
        }
      }
    >
      <button
        className="mdc-button mdc-button--raised"
        disabled={false}
        id={null}
        onClick={null}
        type="button"
      >
        <i
          className="mdc-button__icon material-icons"
        >
          favorite
        </i>
        Hello
      </button>
    </div>
    <div
      style={
        Object {
          "padding": "16px",
        }
      }
    >
      <button
        className="mdc-button mdc-button--raised"
        disabled={false}
        id={null}
        onClick={null}
        type="button"
      >
        
        Hello
      </button>
    </div>
    <div
      style={
        Object {
          "padding": "16px",
        }
      }
    >
      <button
        className="mdc-button mdc-button--raised"
        disabled={true}
        id={null}
        onClick={null}
        type="button"
      >
        
        Hello
      </button>
    </div>
    <div
      style={
        Object {
          "padding": "16px",
        }
      }
    >
      <button
        className="mdc-button mdc-button--unelevated mdc-button--compact secondary-filled-button"
        disabled={false}
        id={null}
        onClick={null}
        type="button"
      >
        
        Hello
      </button>
    </div>
    <div
      style={
        Object {
          "padding": "16px",
        }
      }
    >
      <button
        className="mdc-button mdc-button--stroked mdc-button--dense"
        disabled={false}
        id={null}
        onClick={null}
        type="button"
      >
        
        Hello
      </button>
    </div>
    <div
      style={
        Object {
          "padding": "16px",
        }
      }
    >
      <a
        className="mdc-button mdc-button--raised"
        href="#"
        id={null}
      >
        
        Hello
      </a>
    </div>
  </div>
  <h2>
    Properties:
  </h2>
</section>
`;
