// Jest Snapshot v1, https://goo.gl/fbAQLP

exports[`demos/components/cards renders itself correctly 1`] = `
<section>
  <h1>
    Card examples
  </h1>
  <div
    className="mdc-layout-grid"
  >
    <div
      className="mdc-layout-grid__inner"
    >
      <div
        className="mdc-layout-grid__cell"
      >
        <div
          className="mdc-card"
        >
          <section
            className="mdc-card__primary"
          >
            
            <h1
              className="mdc-card__title"
            >
              Title
            </h1>
            <h2
              className="mdc-card__subtitle"
            >
              subtitle
            </h2>
          </section>
          <section
            className="mdc-card__supporting-text"
          >
            Lorem ipsum dolor sit amet, consectetur adipisicing elit, sed do eiusmod tempor.
          </section>
          <section
            className="mdc-card__actions"
          >
            <button
              className="mdc-button mdc-button--compact mdc-card__action"
              onClick={null}
            >
              
              Ok
            </button>
            <button
              className="mdc-button mdc-button--compact mdc-card__action"
              onClick={null}
            >
              
              Cancel
            </button>
          </section>
        </div>
      </div>
      <div
        className="mdc-layout-grid__cell"
      >
        <div
          className="mdc-card"
        >
          <section
            className="mdc-card__primary"
          >
            
            <h1
              className="mdc-card__title"
            >
              Title
            </h1>
            
          </section>
          <img
            alt=""
            className="mdc-card__media-item mdc-card__media-item--1x"
            src="https://material-components-web.appspot.com/images/1-1.jpg"
            style={undefined}
          />
          <section
            className="mdc-card__actions"
          >
            <button
              className="mdc-button mdc-button--compact mdc-card__action"
              onClick={null}
            >
              
              Ok
            </button>
            <button
              className="mdc-button mdc-button--compact mdc-card__action"
              onClick={null}
            >
              
              Cancel
            </button>
          </section>
        </div>
      </div>
      <div
        className="mdc-layout-grid__cell"
      >
        <div
          className="mdc-card"
        >
          <div
            className="mdc-card__horizontal-block"
          >
            <section
              className="mdc-card__primary"
            >
              
              <h1
                className="mdc-card__title"
              >
                Title
              </h1>
              
            </section>
            <img
              alt=""
              className="mdc-card__media-item mdc-card__media-item--1x"
              src="https://material-components-web.appspot.com/images/1-1.jpg"
              style={undefined}
            />
          </div>
          <section
            className="mdc-card__actions"
          >
            <button
              className="mdc-button mdc-button--compact mdc-card__action"
              onClick={null}
            >
              
              Ok
            </button>
            <button
              className="mdc-button mdc-button--compact mdc-card__action"
              onClick={null}
            >
              
              Cancel
            </button>
          </section>
        </div>
      </div>
    </div>
  </div>
  <h2>
    Card properties
  </h2>
  <div
    className="mdc-layout-grid"
  >
    <div
      className="mdc-layout-grid__inner"
    >
      <div
        className="mdc-layout-grid__cell"
      >
        Name
      </div>
      <div
        className="mdc-layout-grid__cell"
      >
        Type
      </div>
      <div
        className="mdc-layout-grid__cell"
      >
        Desc
      </div>
    </div>
    <div
      className="mdc-layout-grid__inner"
      style={
        Object {
          "paddingBottom": "16px",
        }
      }
    >
      <div
        className="mdc-layout-grid__cell"
      >
         
        children
         
      </div>
      <div
        className="mdc-layout-grid__cell"
      >
         
        node
         
      </div>
      <div
        className="mdc-layout-grid__cell"
      >
         
        Can be used to render elements inside the Card.
         
      </div>
    </div>
    <div
      className="mdc-layout-grid__inner"
      style={
        Object {
          "paddingBottom": "16px",
        }
      }
    >
      <div
        className="mdc-layout-grid__cell"
      >
         
        containerStyle
         
      </div>
      <div
        className="mdc-layout-grid__cell"
      >
         
        object
         
      </div>
      <div
        className="mdc-layout-grid__cell"
      >
         
        Override the inline-styles of the container element.
         
      </div>
    </div>
    <div
      className="mdc-layout-grid__inner"
      style={
        Object {
          "paddingBottom": "16px",
        }
      }
    >
      <div
        className="mdc-layout-grid__cell"
      >
         
        expandable
         
      </div>
      <div
        className="mdc-layout-grid__cell"
      >
         
        bool
         
      </div>
      <div
        className="mdc-layout-grid__cell"
      >
         
        If true,  this card component is expandable. Can be set on any child of the Card component.
         
      </div>
    </div>
    <div
      className="mdc-layout-grid__inner"
      style={
        Object {
          "paddingBottom": "16px",
        }
      }
    >
      <div
        className="mdc-layout-grid__cell"
      >
         
        expanded
         
      </div>
      <div
        className="mdc-layout-grid__cell"
      >
         
        bool
         
      </div>
      <div
        className="mdc-layout-grid__cell"
      >
         
        Whether this card is expanded. If true or false the component is controlled. if null the component is uncontrolled.
         
      </div>
    </div>
    <div
      className="mdc-layout-grid__inner"
      style={
        Object {
          "paddingBottom": "16px",
        }
      }
    >
      <div
        className="mdc-layout-grid__cell"
      >
         
        initiallyExpanded
         
      </div>
      <div
        className="mdc-layout-grid__cell"
      >
         
        bool
         
      </div>
      <div
        className="mdc-layout-grid__cell"
      >
         
        Whether this card is initially expanded.
         
      </div>
    </div>
    <div
      className="mdc-layout-grid__inner"
      style={
        Object {
          "paddingBottom": "16px",
        }
      }
    >
      <div
        className="mdc-layout-grid__cell"
      >
         
        onExpandChange
         
      </div>
      <div
        className="mdc-layout-grid__cell"
      >
         
        function
         
      </div>
      <div
        className="mdc-layout-grid__cell"
      >
         
        Callback function fired when the expandable state of the card has changed. Signature: function(newExpandedState: boolean) =&gt; void  newewExpandedState: Represents the new expanded state of the card.
         
      </div>
    </div>
    <div
      className="mdc-layout-grid__inner"
      style={
        Object {
          "paddingBottom": "16px",
        }
      }
    >
      <div
        className="mdc-layout-grid__cell"
      >
         
        showExpandableButton
         
      </div>
      <div
        className="mdc-layout-grid__cell"
      >
         
        bool
         
      </div>
      <div
        className="mdc-layout-grid__cell"
      >
         
        If true,  this card component will include a button to expand the card. CardTitle,  CardHeader and CardActions implement showExpandableButton. Any child component of Card can implements showExpandableButton or forwards the property to a child component supporting it.
         
      </div>
    </div>
    <div
      className="mdc-layout-grid__inner"
      style={
        Object {
          "paddingBottom": "16px",
        }
      }
    >
      <div
        className="mdc-layout-grid__cell"
      >
         
        style
         
      </div>
      <div
        className="mdc-layout-grid__cell"
      >
         
        object
         
      </div>
      <div
        className="mdc-layout-grid__cell"
      >
         
        Override the inline-styles of the root element.
         
      </div>
    </div>
  </div>
  <h2>
    Card Actions properties
  </h2>
  <div
    className="mdc-layout-grid"
  >
    <div
      className="mdc-layout-grid__inner"
    >
      <div
        className="mdc-layout-grid__cell"
      >
        Name
      </div>
      <div
        className="mdc-layout-grid__cell"
      >
        Type
      </div>
      <div
        className="mdc-layout-grid__cell"
      >
        Desc
      </div>
    </div>
    <div
      className="mdc-layout-grid__inner"
      style={
        Object {
          "paddingBottom": "16px",
        }
      }
    >
      <div
        className="mdc-layout-grid__cell"
      >
         
        actAsExpander
         
      </div>
      <div
        className="mdc-layout-grid__cell"
      >
         
        bool
         
      </div>
      <div
        className="mdc-layout-grid__cell"
      >
         
        If true,  a click on this card component expands the card.
         
      </div>
    </div>
    <div
      className="mdc-layout-grid__inner"
      style={
        Object {
          "paddingBottom": "16px",
        }
      }
    >
      <div
        className="mdc-layout-grid__cell"
      >
         
        children
         
      </div>
      <div
        className="mdc-layout-grid__cell"
      >
         
        node
         
      </div>
      <div
        className="mdc-layout-grid__cell"
      >
         
        Can be used to render elements inside the Card Action.
         
      </div>
    </div>
    <div
      className="mdc-layout-grid__inner"
      style={
        Object {
          "paddingBottom": "16px",
        }
      }
    >
      <div
        className="mdc-layout-grid__cell"
      >
         
        expandable
         
      </div>
      <div
        className="mdc-layout-grid__cell"
      >
         
        bool
         
      </div>
      <div
        className="mdc-layout-grid__cell"
      >
         
        If true,  this card component is expandable.
         
      </div>
    </div>
    <div
      className="mdc-layout-grid__inner"
      style={
        Object {
          "paddingBottom": "16px",
        }
      }
    >
      <div
        className="mdc-layout-grid__cell"
      >
         
        showExpandableButton
         
      </div>
      <div
        className="mdc-layout-grid__cell"
      >
         
        bool
         
      </div>
      <div
        className="mdc-layout-grid__cell"
      >
         
        If true,  this card component will include a button to expand the card.
         
      </div>
    </div>
    <div
      className="mdc-layout-grid__inner"
      style={
        Object {
          "paddingBottom": "16px",
        }
      }
    >
      <div
        className="mdc-layout-grid__cell"
      >
         
        style
         
      </div>
      <div
        className="mdc-layout-grid__cell"
      >
         
        object
         
      </div>
      <div
        className="mdc-layout-grid__cell"
      >
         
        Override the inline-styles of the root element.
         
      </div>
    </div>
  </div>
  <h2>
    Card Header properties
  </h2>
  <div
    className="mdc-layout-grid"
  >
    <div
      className="mdc-layout-grid__inner"
    >
      <div
        className="mdc-layout-grid__cell"
      >
        Name
      </div>
      <div
        className="mdc-layout-grid__cell"
      >
        Type
      </div>
      <div
        className="mdc-layout-grid__cell"
      >
        Desc
      </div>
    </div>
    <div
      className="mdc-layout-grid__inner"
      style={
        Object {
          "paddingBottom": "16px",
        }
      }
    >
      <div
        className="mdc-layout-grid__cell"
      >
         
        actAsExpander
         
      </div>
      <div
        className="mdc-layout-grid__cell"
      >
         
        bool
         
      </div>
      <div
        className="mdc-layout-grid__cell"
      >
         
        If true,  a click on this card component expands the card.
         
      </div>
    </div>
    <div
      className="mdc-layout-grid__inner"
      style={
        Object {
          "paddingBottom": "16px",
        }
      }
    >
      <div
        className="mdc-layout-grid__cell"
      >
         
        avatar
         
      </div>
      <div
        className="mdc-layout-grid__cell"
      >
         
        node
         
      </div>
      <div
        className="mdc-layout-grid__cell"
      >
         
        This is the Avatar element to be displayed on the Card Header. If avatar is an Avatar or other element,  it will be rendered. If avatar is a string,  it will be used as the image src for an Avatar.
         
      </div>
    </div>
    <div
      className="mdc-layout-grid__inner"
      style={
        Object {
          "paddingBottom": "16px",
        }
      }
    >
      <div
        className="mdc-layout-grid__cell"
      >
         
        children
         
      </div>
      <div
        className="mdc-layout-grid__cell"
      >
         
        node
         
      </div>
      <div
        className="mdc-layout-grid__cell"
      >
         
        Can be used to render elements inside the Card Header.
         
      </div>
    </div>
    <div
      className="mdc-layout-grid__inner"
      style={
        Object {
          "paddingBottom": "16px",
        }
      }
    >
      <div
        className="mdc-layout-grid__cell"
      >
         
        closeIcon
         
      </div>
      <div
        className="mdc-layout-grid__cell"
      >
         
        node
         
      </div>
      <div
        className="mdc-layout-grid__cell"
      >
         
        Can be used to pass a closeIcon if you don't like the default expandable close Icon.
         
      </div>
    </div>
    <div
      className="mdc-layout-grid__inner"
      style={
        Object {
          "paddingBottom": "16px",
        }
      }
    >
      <div
        className="mdc-layout-grid__cell"
      >
         
        expandable
         
      </div>
      <div
        className="mdc-layout-grid__cell"
      >
         
        bool
         
      </div>
      <div
        className="mdc-layout-grid__cell"
      >
         
        If true,  this card component is expandable.
         
      </div>
    </div>
    <div
      className="mdc-layout-grid__inner"
      style={
        Object {
          "paddingBottom": "16px",
        }
      }
    >
      <div
        className="mdc-layout-grid__cell"
      >
         
        iconStyle
         
      </div>
      <div
        className="mdc-layout-grid__cell"
      >
         
        object
         
      </div>
      <div
        className="mdc-layout-grid__cell"
      >
         
        Override the iconStyle of the Icon Button.
         
      </div>
    </div>
    <div
      className="mdc-layout-grid__inner"
      style={
        Object {
          "paddingBottom": "16px",
        }
      }
    >
      <div
        className="mdc-layout-grid__cell"
      >
         
        openIcon
         
      </div>
      <div
        className="mdc-layout-grid__cell"
      >
         
        node
         
      </div>
      <div
        className="mdc-layout-grid__cell"
      >
         
        Can be used to pass a openIcon if you don't like the default expandable open Icon.
         
      </div>
    </div>
    <div
      className="mdc-layout-grid__inner"
      style={
        Object {
          "paddingBottom": "16px",
        }
      }
    >
      <div
        className="mdc-layout-grid__cell"
      >
         
        showExpandableButton
         
      </div>
      <div
        className="mdc-layout-grid__cell"
      >
         
        bool
         
      </div>
      <div
        className="mdc-layout-grid__cell"
      >
         
        If true,  this card component will include a button to expand the card.
         
      </div>
    </div>
    <div
      className="mdc-layout-grid__inner"
      style={
        Object {
          "paddingBottom": "16px",
        }
      }
    >
      <div
        className="mdc-layout-grid__cell"
      >
         
        style
         
      </div>
      <div
        className="mdc-layout-grid__cell"
      >
         
        object
         
      </div>
      <div
        className="mdc-layout-grid__cell"
      >
         
        Override the inline-styles of the root element.
         
      </div>
    </div>
    <div
      className="mdc-layout-grid__inner"
      style={
        Object {
          "paddingBottom": "16px",
        }
      }
    >
      <div
        className="mdc-layout-grid__cell"
      >
         
        subtitle
         
      </div>
      <div
        className="mdc-layout-grid__cell"
      >
         
        node
         
      </div>
      <div
        className="mdc-layout-grid__cell"
      >
         
        Can be used to render a subtitle in Card Header.
         
      </div>
    </div>
    <div
      className="mdc-layout-grid__inner"
      style={
        Object {
          "paddingBottom": "16px",
        }
      }
    >
      <div
        className="mdc-layout-grid__cell"
      >
         
        subtitleColor
         
      </div>
      <div
        className="mdc-layout-grid__cell"
      >
         
        string
         
      </div>
      <div
        className="mdc-layout-grid__cell"
      >
         
        Override the subtitle color.
         
      </div>
    </div>
    <div
      className="mdc-layout-grid__inner"
      style={
        Object {
          "paddingBottom": "16px",
        }
      }
    >
      <div
        className="mdc-layout-grid__cell"
      >
         
        subtitleStyle
         
      </div>
      <div
        className="mdc-layout-grid__cell"
      >
         
        object
         
      </div>
      <div
        className="mdc-layout-grid__cell"
      >
         
        Override the inline-styles of the subtitle.
         
      </div>
    </div>
    <div
      className="mdc-layout-grid__inner"
      style={
        Object {
          "paddingBottom": "16px",
        }
      }
    >
      <div
        className="mdc-layout-grid__cell"
      >
         
        textStyle
         
      </div>
      <div
        className="mdc-layout-grid__cell"
      >
         
        object
         
      </div>
      <div
        className="mdc-layout-grid__cell"
      >
         
        Override the inline-styles of the text.
         
      </div>
    </div>
    <div
      className="mdc-layout-grid__inner"
      style={
        Object {
          "paddingBottom": "16px",
        }
      }
    >
      <div
        className="mdc-layout-grid__cell"
      >
         
        title
         
      </div>
      <div
        className="mdc-layout-grid__cell"
      >
         
        node
         
      </div>
      <div
        className="mdc-layout-grid__cell"
      >
         
        an be used to render a title in Card Header.
         
      </div>
    </div>
    <div
      className="mdc-layout-grid__inner"
      style={
        Object {
          "paddingBottom": "16px",
        }
      }
    >
      <div
        className="mdc-layout-grid__cell"
      >
         
        titleColor
         
      </div>
      <div
        className="mdc-layout-grid__cell"
      >
         
        string
         
      </div>
      <div
        className="mdc-layout-grid__cell"
      >
         
        Override the title color.
         
      </div>
    </div>
    <div
      className="mdc-layout-grid__inner"
      style={
        Object {
          "paddingBottom": "16px",
        }
      }
    >
      <div
        className="mdc-layout-grid__cell"
      >
         
        titleStyle
         
      </div>
      <div
        className="mdc-layout-grid__cell"
      >
         
        object
         
      </div>
      <div
        className="mdc-layout-grid__cell"
      >
         
        Override the inline-styles of the title.
         
      </div>
    </div>
  </div>
  <h2>
    Card Media properties
  </h2>
  <div
    className="mdc-layout-grid"
  >
    <div
      className="mdc-layout-grid__inner"
    >
      <div
        className="mdc-layout-grid__cell"
      >
        Name
      </div>
      <div
        className="mdc-layout-grid__cell"
      >
        Type
      </div>
      <div
        className="mdc-layout-grid__cell"
      >
        Desc
      </div>
    </div>
    <div
      className="mdc-layout-grid__inner"
      style={
        Object {
          "paddingBottom": "16px",
        }
      }
    >
      <div
        className="mdc-layout-grid__cell"
      >
         
        actAsExpander
         
      </div>
      <div
        className="mdc-layout-grid__cell"
      >
         
        bool
         
      </div>
      <div
        className="mdc-layout-grid__cell"
      >
         
        If true,  a click on this card component expands the card.
         
      </div>
    </div>
    <div
      className="mdc-layout-grid__inner"
      style={
        Object {
          "paddingBottom": "16px",
        }
      }
    >
      <div
        className="mdc-layout-grid__cell"
      >
         
        children
         
      </div>
      <div
        className="mdc-layout-grid__cell"
      >
         
        node
         
      </div>
      <div
        className="mdc-layout-grid__cell"
      >
         
        Can be used to render elements inside the Card Media.
         
      </div>
    </div>
    <div
      className="mdc-layout-grid__inner"
      style={
        Object {
          "paddingBottom": "16px",
        }
      }
    >
      <div
        className="mdc-layout-grid__cell"
      >
         
        expandable
         
      </div>
      <div
        className="mdc-layout-grid__cell"
      >
         
        bool
         
      </div>
      <div
        className="mdc-layout-grid__cell"
      >
         
        If true,  this card component is expandable.
         
      </div>
    </div>
    <div
      className="mdc-layout-grid__inner"
      style={
        Object {
          "paddingBottom": "16px",
        }
      }
    >
      <div
        className="mdc-layout-grid__cell"
      >
         
        mediaStyle
         
      </div>
      <div
        className="mdc-layout-grid__cell"
      >
         
        object
         
      </div>
      <div
        className="mdc-layout-grid__cell"
      >
         
        Override the inline-styles of the Card Media.
         
      </div>
    </div>
    <div
      className="mdc-layout-grid__inner"
      style={
        Object {
          "paddingBottom": "16px",
        }
      }
    >
      <div
        className="mdc-layout-grid__cell"
      >
         
        overlay
         
      </div>
      <div
        className="mdc-layout-grid__cell"
      >
         
        node
         
      </div>
      <div
        className="mdc-layout-grid__cell"
      >
         
        Can be used to render overlay element in Card Media.
         
      </div>
    </div>
    <div
      className="mdc-layout-grid__inner"
      style={
        Object {
          "paddingBottom": "16px",
        }
      }
    >
      <div
        className="mdc-layout-grid__cell"
      >
         
        overlayContainerStyle
         
      </div>
      <div
        className="mdc-layout-grid__cell"
      >
         
        object
         
      </div>
      <div
        className="mdc-layout-grid__cell"
      >
         
        Override the inline-styles of the overlay container.
         
      </div>
    </div>
    <div
      className="mdc-layout-grid__inner"
      style={
        Object {
          "paddingBottom": "16px",
        }
      }
    >
      <div
        className="mdc-layout-grid__cell"
      >
         
        overlayContentStyle
         
      </div>
      <div
        className="mdc-layout-grid__cell"
      >
         
        object
         
      </div>
      <div
        className="mdc-layout-grid__cell"
      >
         
        Override the inline-styles of the overlay content.
         
      </div>
    </div>
    <div
      className="mdc-layout-grid__inner"
      style={
        Object {
          "paddingBottom": "16px",
        }
      }
    >
      <div
        className="mdc-layout-grid__cell"
      >
         
        overlayStyle
         
      </div>
      <div
        className="mdc-layout-grid__cell"
      >
         
        object
         
      </div>
      <div
        className="mdc-layout-grid__cell"
      >
         
        Override the inline-styles of the overlay element.
         
      </div>
    </div>
    <div
      className="mdc-layout-grid__inner"
      style={
        Object {
          "paddingBottom": "16px",
        }
      }
    >
      <div
        className="mdc-layout-grid__cell"
      >
         
        style
         
      </div>
      <div
        className="mdc-layout-grid__cell"
      >
         
        object
         
      </div>
      <div
        className="mdc-layout-grid__cell"
      >
         
        Override the inline-styles of the root element.
         
      </div>
    </div>
  </div>
  <h2>
    Card Text properties
  </h2>
  <div
    className="mdc-layout-grid"
  >
    <div
      className="mdc-layout-grid__inner"
    >
      <div
        className="mdc-layout-grid__cell"
      >
        Name
      </div>
      <div
        className="mdc-layout-grid__cell"
      >
        Type
      </div>
      <div
        className="mdc-layout-grid__cell"
      >
        Desc
      </div>
    </div>
    <div
      className="mdc-layout-grid__inner"
      style={
        Object {
          "paddingBottom": "16px",
        }
      }
    >
      <div
        className="mdc-layout-grid__cell"
      >
         
        actAsExpander
         
      </div>
      <div
        className="mdc-layout-grid__cell"
      >
         
        bool
         
      </div>
      <div
        className="mdc-layout-grid__cell"
      >
         
        If true,  a click on this card component expands the card.
         
      </div>
    </div>
    <div
      className="mdc-layout-grid__inner"
      style={
        Object {
          "paddingBottom": "16px",
        }
      }
    >
      <div
        className="mdc-layout-grid__cell"
      >
         
        children
         
      </div>
      <div
        className="mdc-layout-grid__cell"
      >
         
        node
         
      </div>
      <div
        className="mdc-layout-grid__cell"
      >
         
        Can be used to render elements inside the Card Text.
         
      </div>
    </div>
    <div
      className="mdc-layout-grid__inner"
      style={
        Object {
          "paddingBottom": "16px",
        }
      }
    >
      <div
        className="mdc-layout-grid__cell"
      >
         
        color
         
      </div>
      <div
        className="mdc-layout-grid__cell"
      >
         
        string
         
      </div>
      <div
        className="mdc-layout-grid__cell"
      >
         
        Override the CardText color.
         
      </div>
    </div>
    <div
      className="mdc-layout-grid__inner"
      style={
        Object {
          "paddingBottom": "16px",
        }
      }
    >
      <div
        className="mdc-layout-grid__cell"
      >
         
        expandable
         
      </div>
      <div
        className="mdc-layout-grid__cell"
      >
         
        bool
         
      </div>
      <div
        className="mdc-layout-grid__cell"
      >
         
        If true,  this card component is expandable.
         
      </div>
    </div>
    <div
      className="mdc-layout-grid__inner"
      style={
        Object {
          "paddingBottom": "16px",
        }
      }
    >
      <div
        className="mdc-layout-grid__cell"
      >
         
        style
         
      </div>
      <div
        className="mdc-layout-grid__cell"
      >
         
        object
         
      </div>
      <div
        className="mdc-layout-grid__cell"
      >
         
        Override the inline-styles of the root element.
         
      </div>
    </div>
  </div>
  <h2>
    Card Title properties
  </h2>
  <div
    className="mdc-layout-grid"
  >
    <div
      className="mdc-layout-grid__inner"
    >
      <div
        className="mdc-layout-grid__cell"
      >
        Name
      </div>
      <div
        className="mdc-layout-grid__cell"
      >
        Type
      </div>
      <div
        className="mdc-layout-grid__cell"
      >
        Desc
      </div>
    </div>
    <div
      className="mdc-layout-grid__inner"
      style={
        Object {
          "paddingBottom": "16px",
        }
      }
    >
      <div
        className="mdc-layout-grid__cell"
      >
         
        actAsExpander
         
      </div>
      <div
        className="mdc-layout-grid__cell"
      >
         
        bool
         
      </div>
      <div
        className="mdc-layout-grid__cell"
      >
         
        If true,  a click on this card component expands the card.
         
      </div>
    </div>
    <div
      className="mdc-layout-grid__inner"
      style={
        Object {
          "paddingBottom": "16px",
        }
      }
    >
      <div
        className="mdc-layout-grid__cell"
      >
         
        children
         
      </div>
      <div
        className="mdc-layout-grid__cell"
      >
         
        node
         
      </div>
      <div
        className="mdc-layout-grid__cell"
      >
         
        Can be used to render elements inside the Card Title.
         
      </div>
    </div>
    <div
      className="mdc-layout-grid__inner"
      style={
        Object {
          "paddingBottom": "16px",
        }
      }
    >
      <div
        className="mdc-layout-grid__cell"
      >
         
        closeIcon
         
      </div>
      <div
        className="mdc-layout-grid__cell"
      >
         
        node
         
      </div>
      <div
        className="mdc-layout-grid__cell"
      >
         
        Can be used to pass a closeIcon if you don't like the default expandable close Icon.
         
      </div>
    </div>
    <div
      className="mdc-layout-grid__inner"
      style={
        Object {
          "paddingBottom": "16px",
        }
      }
    >
      <div
        className="mdc-layout-grid__cell"
      >
         
        expandable
         
      </div>
      <div
        className="mdc-layout-grid__cell"
      >
         
        bool
         
      </div>
      <div
        className="mdc-layout-grid__cell"
      >
         
        If true,  this card component is expandable.
         
      </div>
    </div>
    <div
      className="mdc-layout-grid__inner"
      style={
        Object {
          "paddingBottom": "16px",
        }
      }
    >
      <div
        className="mdc-layout-grid__cell"
      >
         
        showExpandableButton
         
      </div>
      <div
        className="mdc-layout-grid__cell"
      >
         
        bool
         
      </div>
      <div
        className="mdc-layout-grid__cell"
      >
         
        If true,  this card component will include a button to expand the card.
         
      </div>
    </div>
    <div
      className="mdc-layout-grid__inner"
      style={
        Object {
          "paddingBottom": "16px",
        }
      }
    >
      <div
        className="mdc-layout-grid__cell"
      >
         
        style
         
      </div>
      <div
        className="mdc-layout-grid__cell"
      >
         
        object
         
      </div>
      <div
        className="mdc-layout-grid__cell"
      >
         
        Override the inline-styles of the root element.
         
      </div>
    </div>
    <div
      className="mdc-layout-grid__inner"
      style={
        Object {
          "paddingBottom": "16px",
        }
      }
    >
      <div
        className="mdc-layout-grid__cell"
      >
         
        subtitle
         
      </div>
      <div
        className="mdc-layout-grid__cell"
      >
         
        node
         
      </div>
      <div
        className="mdc-layout-grid__cell"
      >
         
        Can be used to render a subtitle in the Card Title.
         
      </div>
    </div>
    <div
      className="mdc-layout-grid__inner"
      style={
        Object {
          "paddingBottom": "16px",
        }
      }
    >
      <div
        className="mdc-layout-grid__cell"
      >
         
        subtitleColor
         
      </div>
      <div
        className="mdc-layout-grid__cell"
      >
         
        string
         
      </div>
      <div
        className="mdc-layout-grid__cell"
      >
         
        Override the subtitle color.
         
      </div>
    </div>
    <div
      className="mdc-layout-grid__inner"
      style={
        Object {
          "paddingBottom": "16px",
        }
      }
    >
      <div
        className="mdc-layout-grid__cell"
      >
         
        subtitleStyle
         
      </div>
      <div
        className="mdc-layout-grid__cell"
      >
         
        object
         
      </div>
      <div
        className="mdc-layout-grid__cell"
      >
         
        Override the inline-styles of the subtitle.
         
      </div>
    </div>
    <div
      className="mdc-layout-grid__inner"
      style={
        Object {
          "paddingBottom": "16px",
        }
      }
    >
      <div
        className="mdc-layout-grid__cell"
      >
         
        title
         
      </div>
      <div
        className="mdc-layout-grid__cell"
      >
         
        node
         
      </div>
      <div
        className="mdc-layout-grid__cell"
      >
         
        Can be used to render a title in the Card Title.
         
      </div>
    </div>
    <div
      className="mdc-layout-grid__inner"
      style={
        Object {
          "paddingBottom": "16px",
        }
      }
    >
      <div
        className="mdc-layout-grid__cell"
      >
         
        titleColor
         
      </div>
      <div
        className="mdc-layout-grid__cell"
      >
         
        string
         
      </div>
      <div
        className="mdc-layout-grid__cell"
      >
         
        Override the title color.
         
      </div>
    </div>
    <div
      className="mdc-layout-grid__inner"
      style={
        Object {
          "paddingBottom": "16px",
        }
      }
    >
      <div
        className="mdc-layout-grid__cell"
      >
         
        titleStyle
         
      </div>
      <div
        className="mdc-layout-grid__cell"
      >
         
        object
         
      </div>
      <div
        className="mdc-layout-grid__cell"
      >
         
        Override the inline-styles of the title.
         
      </div>
    </div>
  </div>
</section>
`;
