// Jest Snapshot v1, https://goo.gl/fbAQLP

exports[`demos/components/gridlists renders itself correctly 1`] = `
<section>
  <h1>
    GridList examples 
  </h1>
  <div
    style={
      Object {
        "padding": "16px",
      }
    }
  >
    <div
      className="mdc-grid-list"
    >
      <ul
        className="mdc-grid-list__tiles"
        style={
          Object {
            "width": "320px",
          }
        }
      >
        <ul
          className="mdc-grid-tile"
          style={
            Object {
              "width": "76px",
            }
          }
        >
          <div
            className="mdc-grid-tile__primary"
            style={
              Object {
                "background": "#212121",
              }
            }
          />
          <span
            className="mdc-grid-tile__secondary"
          >
            <span
              className="mdc-grid-tile__title"
            >
              text
            </span>
          </span>
        </ul>
        <ul
          className="mdc-grid-tile"
          style={
            Object {
              "width": "76px",
            }
          }
        >
          <div
            className="mdc-grid-tile__primary"
            style={
              Object {
                "background": "#212121",
              }
            }
          />
          <span
            className="mdc-grid-tile__secondary"
          >
            <span
              className="mdc-grid-tile__title"
            >
              text
            </span>
          </span>
        </ul>
        <ul
          className="mdc-grid-tile"
          style={
            Object {
              "width": "76px",
            }
          }
        >
          <div
            className="mdc-grid-tile__primary"
            style={
              Object {
                "background": "#212121",
              }
            }
          />
          <span
            className="mdc-grid-tile__secondary"
          >
            <span
              className="mdc-grid-tile__title"
            >
              text
            </span>
          </span>
        </ul>
        <ul
          className="mdc-grid-tile"
          style={
            Object {
              "width": "76px",
            }
          }
        >
          <div
            className="mdc-grid-tile__primary"
            style={
              Object {
                "background": "#212121",
              }
            }
          />
          <span
            className="mdc-grid-tile__secondary"
          >
            <span
              className="mdc-grid-tile__title"
            >
              text
            </span>
          </span>
        </ul>
        <ul
          className="mdc-grid-tile"
          style={
            Object {
              "width": "76px",
            }
          }
        >
          <div
            className="mdc-grid-tile__primary"
            style={
              Object {
                "background": "#212121",
              }
            }
          />
          <span
            className="mdc-grid-tile__secondary"
          >
            <span
              className="mdc-grid-tile__title"
            >
              text
            </span>
          </span>
        </ul>
        <ul
          className="mdc-grid-tile"
          style={
            Object {
              "width": "76px",
            }
          }
        >
          <div
            className="mdc-grid-tile__primary"
            style={
              Object {
                "background": "#212121",
              }
            }
          />
          <span
            className="mdc-grid-tile__secondary"
          >
            <span
              className="mdc-grid-tile__title"
            >
              text
            </span>
          </span>
        </ul>
        <ul
          className="mdc-grid-tile"
          style={
            Object {
              "width": "76px",
            }
          }
        >
          <div
            className="mdc-grid-tile__primary"
            style={
              Object {
                "background": "#212121",
              }
            }
          />
          <span
            className="mdc-grid-tile__secondary"
          >
            <span
              className="mdc-grid-tile__title"
            >
              text
            </span>
          </span>
        </ul>
        <ul
          className="mdc-grid-tile"
          style={
            Object {
              "width": "76px",
            }
          }
        >
          <div
            className="mdc-grid-tile__primary"
            style={
              Object {
                "background": "#212121",
              }
            }
          />
          <span
            className="mdc-grid-tile__secondary"
          >
            <span
              className="mdc-grid-tile__title"
            >
              text
            </span>
          </span>
        </ul>
      </ul>
    </div>
  </div>
  <h2>
    Grid List Properties
  </h2>
</section>
`;
