// Jest Snapshot v1, https://goo.gl/fbAQLP

exports[`demos/components/selects renders correctly 1`] = `
<section>
  <h1>
    Select examples 
  </h1>
  <div
    style={
      Object {
        "padding": "16px",
      }
    }
  >
    <div
      aria-hidden={true}
      className="mdc-select"
      onClick={[Function]}
      onKeyUp={[Function]}
      role="listbox"
      style={Object {}}
    >
      <div
        className="mdc-select__surface"
        tabIndex="0"
      >
        <div
          className="mdc-select__label"
        >
          Pick a Food Group
        </div>
        <div
          className="mdc-select__selected-text"
        />
        <div
          className="mdc-select__bottom-line"
        />
      </div>
      <div
        className="mdc-select__menu mdc-menu"
        tabIndex="-1"
      >
        <ul
          aria-hidden="true"
          className="mdc-menu__items mdc-list"
          role="menu"
        >
          <li
            className="mdc-list-item"
            onClick={[Function]}
            onKeyUp={[Function]}
            role="option"
            tabIndex="0"
          >
            read, Cereal, Rice, and Pasta
          </li>
          <li
            className="mdc-list-item"
            onClick={[Function]}
            onKeyUp={[Function]}
            role="option"
            tabIndex="0"
          >
            Vegetables
          </li>
          <li
            className="mdc-list-item"
            onClick={[Function]}
            onKeyUp={[Function]}
            role="option"
            tabIndex="0"
          >
            Fruit
          </li>
          <li
            className="mdc-list-item"
            onClick={[Function]}
            onKeyUp={[Function]}
            role="option"
            tabIndex="0"
          >
            Milk, Yogurt, and Cheese
          </li>
          <li
            className="mdc-list-item"
            onClick={[Function]}
            onKeyUp={[Function]}
            role="option"
            tabIndex="0"
          >
            Meat, Poultry, Fish, Dry Beans, Eggs, and Nuts
          </li>
          <li
            className="mdc-list-item"
            onClick={[Function]}
            onKeyUp={[Function]}
            role="option"
            tabIndex="0"
          >
            Fats, Oils, and Sweets
          </li>
        </ul>
      </div>
    </div>
  </div>
  <h2>
    SelectField Properties
  </h2>
  <div
    className="mdc-layout-grid"
  >
    <div
      className="mdc-layout-grid__inner"
    >
      <div
        className="mdc-layout-grid__cell"
      >
        Name
      </div>
      <div
        className="mdc-layout-grid__cell"
      >
        Type
      </div>
      <div
        className="mdc-layout-grid__cell"
      >
        Desc
      </div>
    </div>
    <div
      className="mdc-layout-grid__inner"
      style={
        Object {
          "paddingBottom": "16px",
        }
      }
    >
      <div
        className="mdc-layout-grid__cell"
      >
         
        autoWidth
         
      </div>
      <div
        className="mdc-layout-grid__cell"
      >
         
        bool
         
      </div>
      <div
        className="mdc-layout-grid__cell"
      >
         
        If true,  the width will automatically be set according to the items inside the menu. To control the width in CSS instead,  leave this prop set to false.
         
      </div>
    </div>
    <div
      className="mdc-layout-grid__inner"
      style={
        Object {
          "paddingBottom": "16px",
        }
      }
    >
      <div
        className="mdc-layout-grid__cell"
      >
         
        children
         
      </div>
      <div
        className="mdc-layout-grid__cell"
      >
         
        node
         
      </div>
      <div
        className="mdc-layout-grid__cell"
      >
         
        The MenuItem elements to populate the select field with. If the menu items have a label prop,  that value will represent the selected menu item in the rendered select field.
         
      </div>
    </div>
    <div
      className="mdc-layout-grid__inner"
      style={
        Object {
          "paddingBottom": "16px",
        }
      }
    >
      <div
        className="mdc-layout-grid__cell"
      >
         
        disabled
         
      </div>
      <div
        className="mdc-layout-grid__cell"
      >
         
        bool
         
      </div>
      <div
        className="mdc-layout-grid__cell"
      >
         
        If true,  the select field will be disabled.
         
      </div>
    </div>
    <div
      className="mdc-layout-grid__inner"
      style={
        Object {
          "paddingBottom": "16px",
        }
      }
    >
      <div
        className="mdc-layout-grid__cell"
      >
         
        dropDownMenuProps
         
      </div>
      <div
        className="mdc-layout-grid__cell"
      >
         
        object
         
      </div>
      <div
        className="mdc-layout-grid__cell"
      >
         
        Object that can handle and override any property of component DropDownMenu.
         
      </div>
    </div>
    <div
      className="mdc-layout-grid__inner"
      style={
        Object {
          "paddingBottom": "16px",
        }
      }
    >
      <div
        className="mdc-layout-grid__cell"
      >
         
        errorStyle
         
      </div>
      <div
        className="mdc-layout-grid__cell"
      >
         
        object
         
      </div>
      <div
        className="mdc-layout-grid__cell"
      >
         
        Override the inline-styles of the error element.
         
      </div>
    </div>
    <div
      className="mdc-layout-grid__inner"
      style={
        Object {
          "paddingBottom": "16px",
        }
      }
    >
      <div
        className="mdc-layout-grid__cell"
      >
         
        errorText
         
      </div>
      <div
        className="mdc-layout-grid__cell"
      >
         
        node
         
      </div>
      <div
        className="mdc-layout-grid__cell"
      >
         
        The error content to display.
         
      </div>
    </div>
    <div
      className="mdc-layout-grid__inner"
      style={
        Object {
          "paddingBottom": "16px",
        }
      }
    >
      <div
        className="mdc-layout-grid__cell"
      >
         
        floatingLabelFixed
         
      </div>
      <div
        className="mdc-layout-grid__cell"
      >
         
        bool
         
      </div>
      <div
        className="mdc-layout-grid__cell"
      >
         
        If true,  the floating label will float even when no value is selected.
         
      </div>
    </div>
    <div
      className="mdc-layout-grid__inner"
      style={
        Object {
          "paddingBottom": "16px",
        }
      }
    >
      <div
        className="mdc-layout-grid__cell"
      >
         
        floatingLabelStyle
         
      </div>
      <div
        className="mdc-layout-grid__cell"
      >
         
        object
         
      </div>
      <div
        className="mdc-layout-grid__cell"
      >
         
        Override the inline-styles of the floating label.
         
      </div>
    </div>
    <div
      className="mdc-layout-grid__inner"
      style={
        Object {
          "paddingBottom": "16px",
        }
      }
    >
      <div
        className="mdc-layout-grid__cell"
      >
         
        floatingLabelText
         
      </div>
      <div
        className="mdc-layout-grid__cell"
      >
         
        node
         
      </div>
      <div
        className="mdc-layout-grid__cell"
      >
         
        The content of the floating label.
         
      </div>
    </div>
    <div
      className="mdc-layout-grid__inner"
      style={
        Object {
          "paddingBottom": "16px",
        }
      }
    >
      <div
        className="mdc-layout-grid__cell"
      >
         
        fullWidth
         
      </div>
      <div
        className="mdc-layout-grid__cell"
      >
         
        bool
         
      </div>
      <div
        className="mdc-layout-grid__cell"
      >
         
        If true,  the select field will take up the full width of its container.
         
      </div>
    </div>
    <div
      className="mdc-layout-grid__inner"
      style={
        Object {
          "paddingBottom": "16px",
        }
      }
    >
      <div
        className="mdc-layout-grid__cell"
      >
         
        hintStyle
         
      </div>
      <div
        className="mdc-layout-grid__cell"
      >
         
        object
         
      </div>
      <div
        className="mdc-layout-grid__cell"
      >
         
        Override the inline-styles of the hint element.
         
      </div>
    </div>
    <div
      className="mdc-layout-grid__inner"
      style={
        Object {
          "paddingBottom": "16px",
        }
      }
    >
      <div
        className="mdc-layout-grid__cell"
      >
         
        hintText
         
      </div>
      <div
        className="mdc-layout-grid__cell"
      >
         
        node
         
      </div>
      <div
        className="mdc-layout-grid__cell"
      >
         
        The hint content to display.
         
      </div>
    </div>
    <div
      className="mdc-layout-grid__inner"
      style={
        Object {
          "paddingBottom": "16px",
        }
      }
    >
      <div
        className="mdc-layout-grid__cell"
      >
         
        iconStyle
         
      </div>
      <div
        className="mdc-layout-grid__cell"
      >
         
        object
         
      </div>
      <div
        className="mdc-layout-grid__cell"
      >
         
        Override the inline-styles of the icon element.
         
      </div>
    </div>
    <div
      className="mdc-layout-grid__inner"
      style={
        Object {
          "paddingBottom": "16px",
        }
      }
    >
      <div
        className="mdc-layout-grid__cell"
      >
         
        id
         
      </div>
      <div
        className="mdc-layout-grid__cell"
      >
         
        string
         
      </div>
      <div
        className="mdc-layout-grid__cell"
      >
         
        The id prop for the text field.
         
      </div>
    </div>
    <div
      className="mdc-layout-grid__inner"
      style={
        Object {
          "paddingBottom": "16px",
        }
      }
    >
      <div
        className="mdc-layout-grid__cell"
      >
         
        labelStyle
         
      </div>
      <div
        className="mdc-layout-grid__cell"
      >
         
        object
         
      </div>
      <div
        className="mdc-layout-grid__cell"
      >
         
        Override the label style when the select field is inactive.
         
      </div>
    </div>
    <div
      className="mdc-layout-grid__inner"
      style={
        Object {
          "paddingBottom": "16px",
        }
      }
    >
      <div
        className="mdc-layout-grid__cell"
      >
         
        listStyle
         
      </div>
      <div
        className="mdc-layout-grid__cell"
      >
         
        object
         
      </div>
      <div
        className="mdc-layout-grid__cell"
      >
         
        Override the inline-styles of the underlying List element.
         
      </div>
    </div>
    <div
      className="mdc-layout-grid__inner"
      style={
        Object {
          "paddingBottom": "16px",
        }
      }
    >
      <div
        className="mdc-layout-grid__cell"
      >
         
        maxHeight
         
      </div>
      <div
        className="mdc-layout-grid__cell"
      >
         
        number
         
      </div>
      <div
        className="mdc-layout-grid__cell"
      >
         
        Override the default max-height of the underlying DropDownMenu element.
         
      </div>
    </div>
    <div
      className="mdc-layout-grid__inner"
      style={
        Object {
          "paddingBottom": "16px",
        }
      }
    >
      <div
        className="mdc-layout-grid__cell"
      >
         
        menuItemStyle
         
      </div>
      <div
        className="mdc-layout-grid__cell"
      >
         
        object
         
      </div>
      <div
        className="mdc-layout-grid__cell"
      >
         
        Override the inline-styles of menu items.
         
      </div>
    </div>
    <div
      className="mdc-layout-grid__inner"
      style={
        Object {
          "paddingBottom": "16px",
        }
      }
    >
      <div
        className="mdc-layout-grid__cell"
      >
         
        menuStyle
         
      </div>
      <div
        className="mdc-layout-grid__cell"
      >
         
        object
         
      </div>
      <div
        className="mdc-layout-grid__cell"
      >
         
        Override the inline-styles of the underlying DropDownMenu element.
         
      </div>
    </div>
    <div
      className="mdc-layout-grid__inner"
      style={
        Object {
          "paddingBottom": "16px",
        }
      }
    >
      <div
        className="mdc-layout-grid__cell"
      >
         
        multiple
         
      </div>
      <div
        className="mdc-layout-grid__cell"
      >
         
        bool
         
      </div>
      <div
        className="mdc-layout-grid__cell"
      >
         
        If true,  value must be an array and the menu will support multiple selections.
         
      </div>
    </div>
    <div
      className="mdc-layout-grid__inner"
      style={
        Object {
          "paddingBottom": "16px",
        }
      }
    >
      <div
        className="mdc-layout-grid__cell"
      >
         
        onChange
         
      </div>
      <div
        className="mdc-layout-grid__cell"
      >
         
        function
         
      </div>
      <div
        className="mdc-layout-grid__cell"
      >
         
        Callback function fired when a menu item is selected. Signature: function(event: object,  key: number,  payload: any) =&gt; void event: Click event targeting the menu item that was selected. key: The index of the selected menu item,  or undefined if multiple is true. payload: If multiple is true,  the menu's value array with either the menu item's value added (if it wasn't already selected) or omitted (if it was already selected). Otherwise,  the value of the menu item.
         
      </div>
    </div>
    <div
      className="mdc-layout-grid__inner"
      style={
        Object {
          "paddingBottom": "16px",
        }
      }
    >
      <div
        className="mdc-layout-grid__cell"
      >
         
        selectedMenuItemStyle
         
      </div>
      <div
        className="mdc-layout-grid__cell"
      >
         
        object
         
      </div>
      <div
        className="mdc-layout-grid__cell"
      >
         
        Override the inline-styles of selected menu items.
         
      </div>
    </div>
    <div
      className="mdc-layout-grid__inner"
      style={
        Object {
          "paddingBottom": "16px",
        }
      }
    >
      <div
        className="mdc-layout-grid__cell"
      >
         
        selectionRenderer
         
      </div>
      <div
        className="mdc-layout-grid__cell"
      >
         
        function
         
      </div>
      <div
        className="mdc-layout-grid__cell"
      >
         
        Customize the rendering of the selected item. Signature: function(value: any,  menuItem: any) =&gt; void value: If multiple is true,  the menu's value array with either the menu item's value added (if it wasn't already selected) or omitted (if it was already selected). Otherwise,  the value of the menu item. menuItem: The selected MenuItem. If multiple is true,  this will be an array with the MenuItems matching the values parameter.
         
      </div>
    </div>
    <div
      className="mdc-layout-grid__inner"
      style={
        Object {
          "paddingBottom": "16px",
        }
      }
    >
      <div
        className="mdc-layout-grid__cell"
      >
         
        style
         
      </div>
      <div
        className="mdc-layout-grid__cell"
      >
         
        object
         
      </div>
      <div
        className="mdc-layout-grid__cell"
      >
         
        Override the inline-styles of the root element.
         
      </div>
    </div>
    <div
      className="mdc-layout-grid__inner"
      style={
        Object {
          "paddingBottom": "16px",
        }
      }
    >
      <div
        className="mdc-layout-grid__cell"
      >
         
        underlineDisabledStyle
         
      </div>
      <div
        className="mdc-layout-grid__cell"
      >
         
        object
         
      </div>
      <div
        className="mdc-layout-grid__cell"
      >
         
        Override the inline-styles of the underline element when the select field is disabled.
         
      </div>
    </div>
    <div
      className="mdc-layout-grid__inner"
      style={
        Object {
          "paddingBottom": "16px",
        }
      }
    >
      <div
        className="mdc-layout-grid__cell"
      >
         
        underlineFocusStyle
         
      </div>
      <div
        className="mdc-layout-grid__cell"
      >
         
        object
         
      </div>
      <div
        className="mdc-layout-grid__cell"
      >
         
        Override the inline-styles of the underline element when the select field is focused.
         
      </div>
    </div>
    <div
      className="mdc-layout-grid__inner"
      style={
        Object {
          "paddingBottom": "16px",
        }
      }
    >
      <div
        className="mdc-layout-grid__cell"
      >
         
        underlineStyle
         
      </div>
      <div
        className="mdc-layout-grid__cell"
      >
         
        object
         
      </div>
      <div
        className="mdc-layout-grid__cell"
      >
         
        Override the inline-styles of the underline element.
         
      </div>
    </div>
    <div
      className="mdc-layout-grid__inner"
      style={
        Object {
          "paddingBottom": "16px",
        }
      }
    >
      <div
        className="mdc-layout-grid__cell"
      >
         
        value
         
      </div>
      <div
        className="mdc-layout-grid__cell"
      >
         
        any
         
      </div>
      <div
        className="mdc-layout-grid__cell"
      >
         
        If multiple is true, an array of the values of the selected menu items. Otherwise, the value of the selected menu item. If provided, the menu will be a controlled component.
         
      </div>
    </div>
  </div>
</section>
`;
