// Jest Snapshot v1, https://goo.gl/fbAQLP

exports[`demos/components/sliders renders correctly 1`] = `
<section>
  <h1>
    Slider examples 
  </h1>
  <div
    style={
      Object {
        "padding": "16px",
      }
    }
  >
    <div
      aria-label="slider 1"
      aria-valuemax={100}
      aria-valuemin={0}
      aria-valuenow={0}
      className="mdc-slider"
      onBlur={[Function]}
      onFocus={[Function]}
      onMouseDown={[Function]}
      onMouseMove={[Function]}
      onMouseUp={[Function]}
      onTouchCancel={[Function]}
      onTouchEnd={[Function]}
      onTouchMove={[Function]}
      onTouchStart={[Function]}
      role="slider"
      tabIndex="0"
    >
      <div
        className="mdc-slider__track-container"
      >
        <div
          className="mdc-slider__track"
          style={undefined}
        />
      </div>
      <div
        className="mdc-slider__thumb-container"
      >
        <svg
          className="mdc-slider__thumb"
          height="21"
          width="21"
        >
          <circle
            cx="10.5"
            cy="10.5"
            r="7.875"
          />
        </svg>
        <div
          className="mdc-slider__focus-ring"
        />
      </div>
    </div>
  </div>
  <div
    style={
      Object {
        "padding": "16px",
      }
    }
  >
    <div
      aria-disabled="true"
      aria-label="slider 2"
      aria-valuemax={100}
      aria-valuemin={0}
      aria-valuenow={0}
      className="mdc-slider mdc-slider--discrete mdc-slider--disabled"
      onBlur={[Function]}
      onFocus={[Function]}
      onMouseDown={[Function]}
      onMouseMove={[Function]}
      onMouseUp={[Function]}
      onTouchCancel={[Function]}
      onTouchEnd={[Function]}
      onTouchMove={[Function]}
      onTouchStart={[Function]}
      role="slider"
      tabIndex="0"
    >
      <div
        className="mdc-slider__track-container"
      >
        <div
          className="mdc-slider__track"
          style={undefined}
        />
      </div>
      <div
        className="mdc-slider__thumb-container"
      >
        <div
          className="mdc-slider__pin"
        >
          <span
            className="mdc-slider__pin-value-marker"
          >
            0
          </span>
        </div>
        <svg
          className="mdc-slider__thumb"
          height="21"
          width="21"
        >
          <circle
            cx="10.5"
            cy="10.5"
            r="7.875"
          />
        </svg>
        <div
          className="mdc-slider__focus-ring"
        />
      </div>
    </div>
  </div>
  <div
    style={
      Object {
        "padding": "16px",
      }
    }
  >
    <div
      aria-label="slider 3"
      aria-valuemax={256}
      aria-valuemin={0}
      aria-valuenow={20}
      className="mdc-slider mdc-slider--discrete mdc-slider--display-markers"
      onBlur={[Function]}
      onFocus={[Function]}
      onMouseDown={[Function]}
      onMouseMove={[Function]}
      onMouseUp={[Function]}
      onTouchCancel={[Function]}
      onTouchEnd={[Function]}
      onTouchMove={[Function]}
      onTouchStart={[Function]}
      role="slider"
      tabIndex="0"
    >
      <div
        className="mdc-slider__track-container"
      >
        <div
          className="mdc-slider__track"
          style={
            Object {
              "transform": "scaleX(0.078125)",
            }
          }
        />
        <div
          className="mdc-slider__track-marker-container"
        >
          <div
            className="mdc-slider__track-marker"
          />
          <div
            className="mdc-slider__track-marker"
          />
          <div
            className="mdc-slider__track-marker"
          />
          <div
            className="mdc-slider__track-marker"
          />
          <div
            className="mdc-slider__track-marker"
          />
          <div
            className="mdc-slider__track-marker"
          />
          <div
            className="mdc-slider__track-marker"
          />
          <div
            className="mdc-slider__track-marker"
          />
          <div
            className="mdc-slider__track-marker"
          />
          <div
            className="mdc-slider__track-marker"
          />
          <div
            className="mdc-slider__track-marker"
          />
          <div
            className="mdc-slider__track-marker"
          />
          <div
            className="mdc-slider__track-marker"
          />
          <div
            className="mdc-slider__track-marker"
          />
          <div
            className="mdc-slider__track-marker"
          />
          <div
            className="mdc-slider__track-marker"
          />
          <div
            className="mdc-slider__track-marker"
          />
          <div
            className="mdc-slider__track-marker"
          />
          <div
            className="mdc-slider__track-marker"
          />
          <div
            className="mdc-slider__track-marker"
          />
          <div
            className="mdc-slider__track-marker"
          />
          <div
            className="mdc-slider__track-marker"
          />
          <div
            className="mdc-slider__track-marker"
          />
          <div
            className="mdc-slider__track-marker"
          />
          <div
            className="mdc-slider__track-marker"
          />
          <div
            className="mdc-slider__track-marker"
          />
          <div
            className="mdc-slider__track-marker"
          />
          <div
            className="mdc-slider__track-marker"
          />
          <div
            className="mdc-slider__track-marker"
          />
          <div
            className="mdc-slider__track-marker"
          />
          <div
            className="mdc-slider__track-marker"
          />
          <div
            className="mdc-slider__track-marker"
          />
          <div
            className="mdc-slider__track-marker"
          />
          <div
            className="mdc-slider__track-marker"
          />
          <div
            className="mdc-slider__track-marker"
          />
          <div
            className="mdc-slider__track-marker"
          />
          <div
            className="mdc-slider__track-marker"
          />
          <div
            className="mdc-slider__track-marker"
          />
          <div
            className="mdc-slider__track-marker"
          />
          <div
            className="mdc-slider__track-marker"
          />
          <div
            className="mdc-slider__track-marker"
          />
          <div
            className="mdc-slider__track-marker"
          />
          <div
            className="mdc-slider__track-marker"
          />
          <div
            className="mdc-slider__track-marker"
          />
          <div
            className="mdc-slider__track-marker"
          />
          <div
            className="mdc-slider__track-marker"
          />
          <div
            className="mdc-slider__track-marker"
          />
          <div
            className="mdc-slider__track-marker"
          />
          <div
            className="mdc-slider__track-marker"
          />
          <div
            className="mdc-slider__track-marker"
          />
          <div
            className="mdc-slider__track-marker"
          />
          <div
            className="mdc-slider__track-marker"
          />
          <div
            className="mdc-slider__track-marker"
          />
          <div
            className="mdc-slider__track-marker"
          />
          <div
            className="mdc-slider__track-marker"
          />
          <div
            className="mdc-slider__track-marker"
          />
          <div
            className="mdc-slider__track-marker"
          />
          <div
            className="mdc-slider__track-marker"
          />
          <div
            className="mdc-slider__track-marker"
          />
          <div
            className="mdc-slider__track-marker"
          />
          <div
            className="mdc-slider__track-marker"
          />
          <div
            className="mdc-slider__track-marker"
          />
          <div
            className="mdc-slider__track-marker"
          />
          <div
            className="mdc-slider__track-marker"
          />
          <div
            className="mdc-slider__track-marker"
          />
          <div
            className="mdc-slider__track-marker"
          />
          <div
            className="mdc-slider__track-marker"
          />
          <div
            className="mdc-slider__track-marker"
          />
          <div
            className="mdc-slider__track-marker"
          />
          <div
            className="mdc-slider__track-marker"
          />
          <div
            className="mdc-slider__track-marker"
          />
          <div
            className="mdc-slider__track-marker"
          />
          <div
            className="mdc-slider__track-marker"
          />
          <div
            className="mdc-slider__track-marker"
          />
          <div
            className="mdc-slider__track-marker"
          />
          <div
            className="mdc-slider__track-marker"
          />
          <div
            className="mdc-slider__track-marker"
          />
          <div
            className="mdc-slider__track-marker"
          />
          <div
            className="mdc-slider__track-marker"
          />
          <div
            className="mdc-slider__track-marker"
          />
          <div
            className="mdc-slider__track-marker"
          />
          <div
            className="mdc-slider__track-marker"
          />
          <div
            className="mdc-slider__track-marker"
          />
          <div
            className="mdc-slider__track-marker"
          />
          <div
            className="mdc-slider__track-marker"
          />
          <div
            className="mdc-slider__track-marker"
          />
          <div
            className="mdc-slider__track-marker"
          />
          <div
            className="mdc-slider__track-marker"
          />
          <div
            className="mdc-slider__track-marker"
          />
          <div
            className="mdc-slider__track-marker"
          />
          <div
            className="mdc-slider__track-marker"
          />
          <div
            className="mdc-slider__track-marker"
          />
          <div
            className="mdc-slider__track-marker"
          />
          <div
            className="mdc-slider__track-marker"
          />
          <div
            className="mdc-slider__track-marker"
          />
          <div
            className="mdc-slider__track-marker"
          />
          <div
            className="mdc-slider__track-marker"
          />
          <div
            className="mdc-slider__track-marker"
          />
          <div
            className="mdc-slider__track-marker"
          />
          <div
            className="mdc-slider__track-marker"
          />
          <div
            className="mdc-slider__track-marker"
          />
          <div
            className="mdc-slider__track-marker"
          />
          <div
            className="mdc-slider__track-marker"
          />
          <div
            className="mdc-slider__track-marker"
          />
          <div
            className="mdc-slider__track-marker"
          />
          <div
            className="mdc-slider__track-marker"
          />
          <div
            className="mdc-slider__track-marker"
          />
          <div
            className="mdc-slider__track-marker"
          />
          <div
            className="mdc-slider__track-marker"
          />
          <div
            className="mdc-slider__track-marker"
          />
          <div
            className="mdc-slider__track-marker"
          />
          <div
            className="mdc-slider__track-marker"
          />
          <div
            className="mdc-slider__track-marker"
          />
          <div
            className="mdc-slider__track-marker"
          />
          <div
            className="mdc-slider__track-marker"
          />
          <div
            className="mdc-slider__track-marker"
          />
          <div
            className="mdc-slider__track-marker"
          />
          <div
            className="mdc-slider__track-marker"
          />
          <div
            className="mdc-slider__track-marker"
          />
          <div
            className="mdc-slider__track-marker"
          />
          <div
            className="mdc-slider__track-marker"
          />
          <div
            className="mdc-slider__track-marker"
          />
          <div
            className="mdc-slider__track-marker"
          />
          <div
            className="mdc-slider__track-marker"
          />
          <div
            className="mdc-slider__track-marker"
          />
          <div
            className="mdc-slider__track-marker"
          />
          <div
            className="mdc-slider__track-marker"
          />
          <div
            className="mdc-slider__track-marker"
          />
          <div
            className="mdc-slider__track-marker"
          />
          <div
            className="mdc-slider__track-marker"
          />
          <div
            className="mdc-slider__track-marker"
          />
          <div
            className="mdc-slider__track-marker"
          />
          <div
            className="mdc-slider__track-marker"
          />
          <div
            className="mdc-slider__track-marker"
          />
          <div
            className="mdc-slider__track-marker"
          />
          <div
            className="mdc-slider__track-marker"
          />
          <div
            className="mdc-slider__track-marker"
          />
          <div
            className="mdc-slider__track-marker"
          />
          <div
            className="mdc-slider__track-marker"
          />
          <div
            className="mdc-slider__track-marker"
          />
          <div
            className="mdc-slider__track-marker"
          />
          <div
            className="mdc-slider__track-marker"
          />
          <div
            className="mdc-slider__track-marker"
          />
          <div
            className="mdc-slider__track-marker"
          />
          <div
            className="mdc-slider__track-marker"
          />
          <div
            className="mdc-slider__track-marker"
          />
          <div
            className="mdc-slider__track-marker"
          />
          <div
            className="mdc-slider__track-marker"
          />
          <div
            className="mdc-slider__track-marker"
          />
          <div
            className="mdc-slider__track-marker"
          />
          <div
            className="mdc-slider__track-marker"
          />
          <div
            className="mdc-slider__track-marker"
          />
          <div
            className="mdc-slider__track-marker"
          />
          <div
            className="mdc-slider__track-marker"
          />
          <div
            className="mdc-slider__track-marker"
          />
          <div
            className="mdc-slider__track-marker"
          />
          <div
            className="mdc-slider__track-marker"
          />
          <div
            className="mdc-slider__track-marker"
          />
          <div
            className="mdc-slider__track-marker"
          />
          <div
            className="mdc-slider__track-marker"
          />
          <div
            className="mdc-slider__track-marker"
          />
          <div
            className="mdc-slider__track-marker"
          />
          <div
            className="mdc-slider__track-marker"
          />
          <div
            className="mdc-slider__track-marker"
          />
          <div
            className="mdc-slider__track-marker"
          />
          <div
            className="mdc-slider__track-marker"
          />
          <div
            className="mdc-slider__track-marker"
          />
          <div
            className="mdc-slider__track-marker"
          />
          <div
            className="mdc-slider__track-marker"
          />
          <div
            className="mdc-slider__track-marker"
          />
          <div
            className="mdc-slider__track-marker"
          />
          <div
            className="mdc-slider__track-marker"
          />
          <div
            className="mdc-slider__track-marker"
          />
          <div
            className="mdc-slider__track-marker"
          />
          <div
            className="mdc-slider__track-marker"
          />
          <div
            className="mdc-slider__track-marker"
          />
          <div
            className="mdc-slider__track-marker"
          />
          <div
            className="mdc-slider__track-marker"
          />
          <div
            className="mdc-slider__track-marker"
          />
          <div
            className="mdc-slider__track-marker"
          />
          <div
            className="mdc-slider__track-marker"
          />
          <div
            className="mdc-slider__track-marker"
          />
          <div
            className="mdc-slider__track-marker"
          />
          <div
            className="mdc-slider__track-marker"
          />
          <div
            className="mdc-slider__track-marker"
          />
          <div
            className="mdc-slider__track-marker"
          />
          <div
            className="mdc-slider__track-marker"
          />
          <div
            className="mdc-slider__track-marker"
          />
          <div
            className="mdc-slider__track-marker"
          />
          <div
            className="mdc-slider__track-marker"
          />
          <div
            className="mdc-slider__track-marker"
          />
          <div
            className="mdc-slider__track-marker"
          />
          <div
            className="mdc-slider__track-marker"
          />
          <div
            className="mdc-slider__track-marker"
          />
          <div
            className="mdc-slider__track-marker"
          />
          <div
            className="mdc-slider__track-marker"
          />
          <div
            className="mdc-slider__track-marker"
          />
          <div
            className="mdc-slider__track-marker"
          />
          <div
            className="mdc-slider__track-marker"
          />
          <div
            className="mdc-slider__track-marker"
          />
          <div
            className="mdc-slider__track-marker"
          />
          <div
            className="mdc-slider__track-marker"
          />
          <div
            className="mdc-slider__track-marker"
          />
          <div
            className="mdc-slider__track-marker"
          />
          <div
            className="mdc-slider__track-marker"
          />
          <div
            className="mdc-slider__track-marker"
          />
          <div
            className="mdc-slider__track-marker"
          />
          <div
            className="mdc-slider__track-marker"
          />
          <div
            className="mdc-slider__track-marker"
          />
          <div
            className="mdc-slider__track-marker"
          />
          <div
            className="mdc-slider__track-marker"
          />
          <div
            className="mdc-slider__track-marker"
          />
          <div
            className="mdc-slider__track-marker"
          />
          <div
            className="mdc-slider__track-marker"
          />
          <div
            className="mdc-slider__track-marker"
          />
          <div
            className="mdc-slider__track-marker"
          />
          <div
            className="mdc-slider__track-marker"
          />
          <div
            className="mdc-slider__track-marker"
          />
          <div
            className="mdc-slider__track-marker"
          />
          <div
            className="mdc-slider__track-marker"
          />
          <div
            className="mdc-slider__track-marker"
          />
          <div
            className="mdc-slider__track-marker"
          />
          <div
            className="mdc-slider__track-marker"
          />
          <div
            className="mdc-slider__track-marker"
          />
          <div
            className="mdc-slider__track-marker"
          />
          <div
            className="mdc-slider__track-marker"
          />
          <div
            className="mdc-slider__track-marker"
          />
          <div
            className="mdc-slider__track-marker"
          />
          <div
            className="mdc-slider__track-marker"
          />
          <div
            className="mdc-slider__track-marker"
          />
          <div
            className="mdc-slider__track-marker"
          />
          <div
            className="mdc-slider__track-marker"
          />
          <div
            className="mdc-slider__track-marker"
          />
          <div
            className="mdc-slider__track-marker"
          />
          <div
            className="mdc-slider__track-marker"
          />
          <div
            className="mdc-slider__track-marker"
          />
          <div
            className="mdc-slider__track-marker"
          />
          <div
            className="mdc-slider__track-marker"
          />
          <div
            className="mdc-slider__track-marker"
          />
          <div
            className="mdc-slider__track-marker"
          />
          <div
            className="mdc-slider__track-marker"
          />
          <div
            className="mdc-slider__track-marker"
          />
          <div
            className="mdc-slider__track-marker"
          />
          <div
            className="mdc-slider__track-marker"
          />
          <div
            className="mdc-slider__track-marker"
          />
          <div
            className="mdc-slider__track-marker"
          />
          <div
            className="mdc-slider__track-marker"
          />
          <div
            className="mdc-slider__track-marker"
          />
          <div
            className="mdc-slider__track-marker"
          />
          <div
            className="mdc-slider__track-marker"
          />
          <div
            className="mdc-slider__track-marker"
          />
          <div
            className="mdc-slider__track-marker"
          />
          <div
            className="mdc-slider__track-marker"
          />
          <div
            className="mdc-slider__track-marker"
          />
          <div
            className="mdc-slider__track-marker"
          />
          <div
            className="mdc-slider__track-marker"
          />
        </div>
      </div>
      <div
        className="mdc-slider__thumb-container"
      >
        <div
          className="mdc-slider__pin"
        >
          <span
            className="mdc-slider__pin-value-marker"
          >
            20
          </span>
        </div>
        <svg
          className="mdc-slider__thumb"
          height="21"
          width="21"
        >
          <circle
            cx="10.5"
            cy="10.5"
            r="7.875"
          />
        </svg>
        <div
          className="mdc-slider__focus-ring"
        />
      </div>
    </div>
  </div>
  <h2>
    Properties:
  </h2>
  <div
    className="mdc-layout-grid"
  >
    <div
      className="mdc-layout-grid__inner"
    >
      <div
        className="mdc-layout-grid__cell"
      >
        Name
      </div>
      <div
        className="mdc-layout-grid__cell"
      >
        Default
      </div>
      <div
        className="mdc-layout-grid__cell"
      >
        Type
      </div>
    </div>
    <div
      className="mdc-layout-grid__inner"
      style={
        Object {
          "borderBottom": "solid black 1px",
          "marginBottom": "16px",
          "paddingTop": "5px",
        }
      }
    >
      <div
        className="mdc-layout-grid__cell"
      >
        mdcElement
      </div>
      <div
        className="mdc-layout-grid__cell"
      >
        MDC_SLIDER
      </div>
      <div
        className="mdc-layout-grid__cell"
      >
        string
      </div>
    </div>
    <div
      className="mdc-layout-grid__inner"
      style={
        Object {
          "borderBottom": "solid black 1px",
          "marginBottom": "16px",
          "paddingTop": "5px",
        }
      }
    >
      <div
        className="mdc-layout-grid__cell"
      >
        discrete
      </div>
      <div
        className="mdc-layout-grid__cell"
      >
        false
      </div>
      <div
        className="mdc-layout-grid__cell"
      >
        bool
      </div>
    </div>
    <div
      className="mdc-layout-grid__inner"
      style={
        Object {
          "borderBottom": "solid black 1px",
          "marginBottom": "16px",
          "paddingTop": "5px",
        }
      }
    >
      <div
        className="mdc-layout-grid__cell"
      >
        disabled
      </div>
      <div
        className="mdc-layout-grid__cell"
      >
        false
      </div>
      <div
        className="mdc-layout-grid__cell"
      >
        bool
      </div>
    </div>
    <div
      className="mdc-layout-grid__inner"
      style={
        Object {
          "borderBottom": "solid black 1px",
          "marginBottom": "16px",
          "paddingTop": "5px",
        }
      }
    >
      <div
        className="mdc-layout-grid__cell"
      >
        min
      </div>
      <div
        className="mdc-layout-grid__cell"
      >
        0
      </div>
      <div
        className="mdc-layout-grid__cell"
      >
        number
      </div>
    </div>
    <div
      className="mdc-layout-grid__inner"
      style={
        Object {
          "borderBottom": "solid black 1px",
          "marginBottom": "16px",
          "paddingTop": "5px",
        }
      }
    >
      <div
        className="mdc-layout-grid__cell"
      >
        max
      </div>
      <div
        className="mdc-layout-grid__cell"
      >
        100
      </div>
      <div
        className="mdc-layout-grid__cell"
      >
        number
      </div>
    </div>
    <div
      className="mdc-layout-grid__inner"
      style={
        Object {
          "borderBottom": "solid black 1px",
          "marginBottom": "16px",
          "paddingTop": "5px",
        }
      }
    >
      <div
        className="mdc-layout-grid__cell"
      >
        value
      </div>
      <div
        className="mdc-layout-grid__cell"
      >
        0
      </div>
      <div
        className="mdc-layout-grid__cell"
      >
        number
      </div>
    </div>
    <div
      className="mdc-layout-grid__inner"
      style={
        Object {
          "borderBottom": "solid black 1px",
          "marginBottom": "16px",
          "paddingTop": "5px",
        }
      }
    >
      <div
        className="mdc-layout-grid__cell"
      >
        displayMarker
      </div>
      <div
        className="mdc-layout-grid__cell"
      >
        false
      </div>
      <div
        className="mdc-layout-grid__cell"
      >
        bool
      </div>
    </div>
    <div
      className="mdc-layout-grid__inner"
      style={
        Object {
          "borderBottom": "solid black 1px",
          "marginBottom": "16px",
          "paddingTop": "5px",
        }
      }
    >
      <div
        className="mdc-layout-grid__cell"
      >
        onInput
      </div>
      <div
        className="mdc-layout-grid__cell"
      >
        null
      </div>
      <div
        className="mdc-layout-grid__cell"
      >
        func
      </div>
    </div>
    <div
      className="mdc-layout-grid__inner"
      style={
        Object {
          "borderBottom": "solid black 1px",
          "marginBottom": "16px",
          "paddingTop": "5px",
        }
      }
    >
      <div
        className="mdc-layout-grid__cell"
      >
        onChange
      </div>
      <div
        className="mdc-layout-grid__cell"
      >
        null
      </div>
      <div
        className="mdc-layout-grid__cell"
      >
        func
      </div>
    </div>
  </div>
</section>
`;
