// Jest Snapshot v1, https://goo.gl/fbAQLP

exports[`demos/components/tabbars renders correctly 1`] = `
<section>
  <h1>
    Tabbar examples 
  </h1>
  <div
    style={
      Object {
        "padding": "16px",
      }
    }
  >
    <nav
      className="mdc-tab-bar"
    >
      <a
        className="mdc-tab mdc-tab--active"
        href={null}
        onClick={[Function]}
      >
        
        tab1
      </a>
      <a
        className="mdc-tab"
        href={null}
        onClick={[Function]}
      >
        
        tab2
      </a>
      <a
        className="mdc-tab"
        href={null}
        onClick={[Function]}
      >
        
        tab3
      </a>
      <span
        className="mdc-tab-bar__indicator"
        style={undefined}
      />
    </nav>
  </div>
  <h2>
    Tabs Properties
  </h2>
  <div
    className="mdc-layout-grid"
  >
    <div
      className="mdc-layout-grid__inner"
    >
      <div
        className="mdc-layout-grid__cell"
        style={
          Object {
            "fontSize": "20px",
            "fontWeight": "bold",
          }
        }
      >
        Tab Properties
      </div>
    </div>
    <div
      className="mdc-layout-grid__inner"
    >
      <div
        className="mdc-layout-grid__cell"
      >
        Name
      </div>
      <div
        className="mdc-layout-grid__cell"
      >
        Default
      </div>
      <div
        className="mdc-layout-grid__cell"
      >
        Type
      </div>
    </div>
    <div
      className="mdc-layout-grid__inner"
      style={
        Object {
          "borderBottom": "solid black 1px",
          "marginBottom": "16px",
          "paddingTop": "5px",
        }
      }
    >
      <div
        className="mdc-layout-grid__cell"
      >
        mdcElement
      </div>
      <div
        className="mdc-layout-grid__cell"
      >
        MDC_TAB
      </div>
      <div
        className="mdc-layout-grid__cell"
      >
        string
      </div>
    </div>
    <div
      className="mdc-layout-grid__inner"
      style={
        Object {
          "borderBottom": "solid black 1px",
          "marginBottom": "16px",
          "paddingTop": "5px",
        }
      }
    >
      <div
        className="mdc-layout-grid__cell"
      >
        children
      </div>
      <div
        className="mdc-layout-grid__cell"
      >
        null
      </div>
      <div
        className="mdc-layout-grid__cell"
      >
        string
      </div>
    </div>
    <div
      className="mdc-layout-grid__inner"
      style={
        Object {
          "borderBottom": "solid black 1px",
          "marginBottom": "16px",
          "paddingTop": "5px",
        }
      }
    >
      <div
        className="mdc-layout-grid__cell"
      >
        active
      </div>
      <div
        className="mdc-layout-grid__cell"
      >
        false
      </div>
      <div
        className="mdc-layout-grid__cell"
      >
        bool
      </div>
    </div>
    <div
      className="mdc-layout-grid__inner"
      style={
        Object {
          "borderBottom": "solid black 1px",
          "marginBottom": "16px",
          "paddingTop": "5px",
        }
      }
    >
      <div
        className="mdc-layout-grid__cell"
      >
        text
      </div>
      <div
        className="mdc-layout-grid__cell"
      >
        null
      </div>
      <div
        className="mdc-layout-grid__cell"
      >
        string
      </div>
    </div>
    <div
      className="mdc-layout-grid__inner"
      style={
        Object {
          "borderBottom": "solid black 1px",
          "marginBottom": "16px",
          "paddingTop": "5px",
        }
      }
    >
      <div
        className="mdc-layout-grid__cell"
      >
        icon
      </div>
      <div
        className="mdc-layout-grid__cell"
      >
        null
      </div>
      <div
        className="mdc-layout-grid__cell"
      >
        string
      </div>
    </div>
    <div
      className="mdc-layout-grid__inner"
      style={
        Object {
          "borderBottom": "solid black 1px",
          "marginBottom": "16px",
          "paddingTop": "5px",
        }
      }
    >
      <div
        className="mdc-layout-grid__cell"
      >
        href
      </div>
      <div
        className="mdc-layout-grid__cell"
      >
        null
      </div>
      <div
        className="mdc-layout-grid__cell"
      >
        string
      </div>
    </div>
    <div
      className="mdc-layout-grid__inner"
      style={
        Object {
          "borderBottom": "solid black 1px",
          "marginBottom": "16px",
          "paddingTop": "5px",
        }
      }
    >
      <div
        className="mdc-layout-grid__cell"
      >
        tabId
      </div>
      <div
        className="mdc-layout-grid__cell"
      >
        0
      </div>
      <div
        className="mdc-layout-grid__cell"
      >
        number
      </div>
    </div>
    <div
      className="mdc-layout-grid__inner"
      style={
        Object {
          "borderBottom": "solid black 1px",
          "marginBottom": "16px",
          "paddingTop": "5px",
        }
      }
    >
      <div
        className="mdc-layout-grid__cell"
      >
        onTabSelect
      </div>
      <div
        className="mdc-layout-grid__cell"
      >
        null
      </div>
      <div
        className="mdc-layout-grid__cell"
      >
        func
      </div>
    </div>
    <div
      className="mdc-layout-grid__inner"
      style={
        Object {
          "borderBottom": "solid black 1px",
          "marginBottom": "16px",
          "paddingTop": "5px",
        }
      }
    >
      <div
        className="mdc-layout-grid__cell"
      >
        color
      </div>
      <div
        className="mdc-layout-grid__cell"
      >
        null
      </div>
      <div
        className="mdc-layout-grid__cell"
      >
        string
      </div>
    </div>
  </div>
  <div
    className="mdc-layout-grid"
  >
    <div
      className="mdc-layout-grid__inner"
    >
      <div
        className="mdc-layout-grid__cell"
        style={
          Object {
            "fontSize": "20px",
            "fontWeight": "bold",
          }
        }
      >
        Tabbar Properties
      </div>
    </div>
    <div
      className="mdc-layout-grid__inner"
    >
      <div
        className="mdc-layout-grid__cell"
      >
        Name
      </div>
      <div
        className="mdc-layout-grid__cell"
      >
        Default
      </div>
      <div
        className="mdc-layout-grid__cell"
      >
        Type
      </div>
    </div>
    <div
      className="mdc-layout-grid__inner"
      style={
        Object {
          "borderBottom": "solid black 1px",
          "marginBottom": "16px",
          "paddingTop": "5px",
        }
      }
    >
      <div
        className="mdc-layout-grid__cell"
      >
        mdcElement
      </div>
      <div
        className="mdc-layout-grid__cell"
      >
        MDC_TABBAR
      </div>
      <div
        className="mdc-layout-grid__cell"
      >
        string
      </div>
    </div>
    <div
      className="mdc-layout-grid__inner"
      style={
        Object {
          "borderBottom": "solid black 1px",
          "marginBottom": "16px",
          "paddingTop": "5px",
        }
      }
    >
      <div
        className="mdc-layout-grid__cell"
      >
        children
      </div>
      <div
        className="mdc-layout-grid__cell"
      >
        null
      </div>
      <div
        className="mdc-layout-grid__cell"
      >
        node
      </div>
    </div>
    <div
      className="mdc-layout-grid__inner"
      style={
        Object {
          "borderBottom": "solid black 1px",
          "marginBottom": "16px",
          "paddingTop": "5px",
        }
      }
    >
      <div
        className="mdc-layout-grid__cell"
      >
        activeTab
      </div>
      <div
        className="mdc-layout-grid__cell"
      >
        0
      </div>
      <div
        className="mdc-layout-grid__cell"
      >
        number
      </div>
    </div>
    <div
      className="mdc-layout-grid__inner"
      style={
        Object {
          "borderBottom": "solid black 1px",
          "marginBottom": "16px",
          "paddingTop": "5px",
        }
      }
    >
      <div
        className="mdc-layout-grid__cell"
      >
        onChange
      </div>
      <div
        className="mdc-layout-grid__cell"
      >
        null
      </div>
      <div
        className="mdc-layout-grid__cell"
      >
        string
      </div>
    </div>
    <div
      className="mdc-layout-grid__inner"
      style={
        Object {
          "borderBottom": "solid black 1px",
          "marginBottom": "16px",
          "paddingTop": "5px",
        }
      }
    >
      <div
        className="mdc-layout-grid__cell"
      >
        color
      </div>
      <div
        className="mdc-layout-grid__cell"
      >
        null
      </div>
      <div
        className="mdc-layout-grid__cell"
      >
        string
      </div>
    </div>
    <div
      className="mdc-layout-grid__inner"
      style={
        Object {
          "borderBottom": "solid black 1px",
          "marginBottom": "16px",
          "paddingTop": "5px",
        }
      }
    >
      <div
        className="mdc-layout-grid__cell"
      >
        activeColor
      </div>
      <div
        className="mdc-layout-grid__cell"
      >
        null
      </div>
      <div
        className="mdc-layout-grid__cell"
      >
        string
      </div>
    </div>
  </div>
</section>
`;
